0 info it worked if it ends with ok
1 verbose cli [ 'C:\\Program Files\\nodejs\\node.exe',
1 verbose cli   'C:\\Program Files\\nodejs\\node_modules\\npm\\bin\\npm-cli.js',
1 verbose cli   'install' ]
2 info using npm@3.6.0
3 info using node@v5.7.1
4 silly loadCurrentTree Starting
5 silly install loadCurrentTree
6 silly install readLocalPackageData
7 silly install normalizeTree
8 silly loadCurrentTree Finishing
9 silly loadIdealTree Starting
10 silly install loadIdealTree
11 silly cloneCurrentTree Starting
12 silly install cloneCurrentTreeToIdealTree
13 silly cloneCurrentTree Finishing
14 silly loadShrinkwrap Starting
15 silly install loadShrinkwrap
16 silly loadShrinkwrap Finishing
17 silly loadAllDepsIntoIdealTree Starting
18 silly install loadAllDepsIntoIdealTree
19 silly fetchNamedPackageData react
20 silly mapToRegistry name react
21 silly mapToRegistry using default registry
22 silly mapToRegistry registry https://registry.npmjs.org/
23 silly mapToRegistry uri https://registry.npmjs.org/react
24 silly fetchNamedPackageData react-dom
25 silly mapToRegistry name react-dom
26 silly mapToRegistry using default registry
27 silly mapToRegistry registry https://registry.npmjs.org/
28 silly mapToRegistry uri https://registry.npmjs.org/react-dom
29 silly fetchNamedPackageData react-router-dom
30 silly mapToRegistry name react-router-dom
31 silly mapToRegistry using default registry
32 silly mapToRegistry registry https://registry.npmjs.org/
33 silly mapToRegistry uri https://registry.npmjs.org/react-router-dom
34 silly fetchNamedPackageData @tanstack/react-query
35 silly mapToRegistry name @tanstack/react-query
36 silly mapToRegistry scope (from package name) @tanstack
37 verbose mapToRegistry no registry URL found in name for scope @tanstack
38 silly mapToRegistry using default registry
39 silly mapToRegistry registry https://registry.npmjs.org/
40 silly mapToRegistry uri https://registry.npmjs.org/@tanstack%2freact-query
41 silly fetchNamedPackageData axios
42 silly mapToRegistry name axios
43 silly mapToRegistry using default registry
44 silly mapToRegistry registry https://registry.npmjs.org/
45 silly mapToRegistry uri https://registry.npmjs.org/axios
46 silly fetchNamedPackageData clsx
47 silly mapToRegistry name clsx
48 silly mapToRegistry using default registry
49 silly mapToRegistry registry https://registry.npmjs.org/
50 silly mapToRegistry uri https://registry.npmjs.org/clsx
51 silly fetchNamedPackageData date-fns
52 silly mapToRegistry name date-fns
53 silly mapToRegistry using default registry
54 silly mapToRegistry registry https://registry.npmjs.org/
55 silly mapToRegistry uri https://registry.npmjs.org/date-fns
56 silly fetchNamedPackageData lucide-react
57 silly mapToRegistry name lucide-react
58 silly mapToRegistry using default registry
59 silly mapToRegistry registry https://registry.npmjs.org/
60 silly mapToRegistry uri https://registry.npmjs.org/lucide-react
61 verbose request uri https://registry.npmjs.org/react-router-dom
62 verbose request no auth needed
63 info attempt registry request try #1 at 12:12:34 AM
64 verbose request id 44048eeb8d0a37d6
65 verbose etag W/"c5e309721401284b52c3fc13bd9e997d"
66 verbose lastModified Wed, 22 Apr 2026 17:44:45 GMT
67 http request GET https://registry.npmjs.org/react-router-dom
68 verbose request uri https://registry.npmjs.org/clsx
69 verbose request no auth needed
70 info attempt registry request try #1 at 12:12:34 AM
71 verbose etag W/"8d4dcc73db3dfe4418304bafbbabd588"
72 verbose lastModified Fri, 27 Jun 2025 10:13:08 GMT
73 http request GET https://registry.npmjs.org/clsx
74 verbose request uri https://registry.npmjs.org/react
75 verbose request no auth needed
76 info attempt registry request try #1 at 12:12:34 AM
77 verbose etag W/"fd71584297b86645bf3e118dacd5172d"
78 verbose lastModified Thu, 30 Apr 2026 16:45:54 GMT
79 http request GET https://registry.npmjs.org/react
80 verbose request uri https://registry.npmjs.org/axios
81 verbose request no auth needed
82 info attempt registry request try #1 at 12:12:34 AM
83 verbose etag W/"def802d509d1c9666a6cb9a6799d7ea3"
84 verbose lastModified Tue, 21 Apr 2026 17:53:05 GMT
85 http request GET https://registry.npmjs.org/axios
86 verbose request uri https://registry.npmjs.org/react-dom
87 verbose request no auth needed
88 info attempt registry request try #1 at 12:12:35 AM
89 verbose etag W/"4f616c68bfb181001269078936e175c1"
90 verbose lastModified Thu, 30 Apr 2026 16:46:02 GMT
91 http request GET https://registry.npmjs.org/react-dom
92 verbose request uri https://registry.npmjs.org/lucide-react
93 verbose request no auth needed
94 info attempt registry request try #1 at 12:12:35 AM
95 verbose etag W/"bbacef79b3c07320492fd47cca93db47"
96 verbose lastModified Wed, 29 Apr 2026 07:31:25 GMT
97 http request GET https://registry.npmjs.org/lucide-react
98 verbose request uri https://registry.npmjs.org/@tanstack%2freact-query
99 verbose request no auth needed
100 info attempt registry request try #1 at 12:12:35 AM
101 verbose etag W/"a790397daeeb7d654cb938fbcf8e9b66"
102 verbose lastModified Fri, 01 May 2026 07:45:42 GMT
103 http request GET https://registry.npmjs.org/@tanstack%2freact-query
104 verbose request uri https://registry.npmjs.org/date-fns
105 verbose request no auth needed
106 info attempt registry request try #1 at 12:12:35 AM
107 verbose etag W/"c5b8692b05f23d7abe2075cdfbbc4b9c"
108 verbose lastModified Sun, 03 Aug 2025 13:10:29 GMT
109 http request GET https://registry.npmjs.org/date-fns
110 http 304 https://registry.npmjs.org/axios
111 verbose headers { date: 'Sat, 02 May 2026 04:12:32 GMT',
111 verbose headers   connection: 'keep-alive',
111 verbose headers   'set-cookie': [ '_cfuvid=BhQRob5dHFrLUHnct0i5VGndEp7MXCeOf8tuP8Xf0E4-1777695152.5969462-1.0.1.1-UHR6dVLHuK48jHMa3x1UxjHYEl3VqQNa691bj3bB6oI; HttpOnly; SameSite=None; Secure; Path=/; Domain=npmjs.org' ],
111 verbose headers   'cf-ray': '9f54302fb8804153-EWR',
111 verbose headers   'cf-cache-status': 'HIT',
111 verbose headers   'access-control-allow-origin': '*',
111 verbose headers   age: '217',
111 verbose headers   'cache-control': 'public, max-age=300',
111 verbose headers   etag: '"def802d509d1c9666a6cb9a6799d7ea3"',
111 verbose headers   'last-modified': 'Tue, 21 Apr 2026 17:53:05 GMT',
111 verbose headers   server: 'cloudflare',
111 verbose headers   vary: 'Accept-Encoding' }
112 silly get cb [ 304,
112 silly get   { date: 'Sat, 02 May 2026 04:12:32 GMT',
112 silly get     connection: 'keep-alive',
112 silly get     'set-cookie': [ '_cfuvid=BhQRob5dHFrLUHnct0i5VGndEp7MXCeOf8tuP8Xf0E4-1777695152.5969462-1.0.1.1-UHR6dVLHuK48jHMa3x1UxjHYEl3VqQNa691bj3bB6oI; HttpOnly; SameSite=None; Secure; Path=/; Domain=npmjs.org' ],
112 silly get     'cf-ray': '9f54302fb8804153-EWR',
112 silly get     'cf-cache-status': 'HIT',
112 silly get     'access-control-allow-origin': '*',
112 silly get     age: '217',
112 silly get     'cache-control': 'public, max-age=300',
112 silly get     etag: '"def802d509d1c9666a6cb9a6799d7ea3"',
112 silly get     'last-modified': 'Tue, 21 Apr 2026 17:53:05 GMT',
112 silly get     server: 'cloudflare',
112 silly get     vary: 'Accept-Encoding' } ]
113 verbose etag https://registry.npmjs.org/axios from cache
114 verbose get saving axios to C:\Users\john\AppData\Roaming\npm-cache\registry.npmjs.org\axios\.cache.json
115 verbose correctMkdir C:\Users\john\AppData\Roaming\npm-cache correctMkdir not in flight; initializing
116 http 304 https://registry.npmjs.org/clsx
117 verbose headers { date: 'Sat, 02 May 2026 04:12:32 GMT',
117 verbose headers   connection: 'keep-alive',
117 verbose headers   'set-cookie': [ '_cfuvid=06ZCiI04L28pRc_DDbvZAbI1z_aOOeTOkulGFyond60-1777695152.6404896-1.0.1.1-86Lxk1D3OrdC79n55B0kcoLn2XiAlcpNKrTFfaUPTrk; HttpOnly; SameSite=None; Secure; Path=/; Domain=npmjs.org' ],
117 verbose headers   'cf-ray': '9f54302ff88a0edf-EWR',
117 verbose headers   'cf-cache-status': 'HIT',
117 verbose headers   'access-control-allow-origin': '*',
117 verbose headers   age: '24',
117 verbose headers   'cache-control': 'public, max-age=300',
117 verbose headers   etag: '"8d4dcc73db3dfe4418304bafbbabd588"',
117 verbose headers   'last-modified': 'Fri, 27 Jun 2025 10:13:08 GMT',
117 verbose headers   server: 'cloudflare',
117 verbose headers   vary: 'Accept-Encoding' }
118 silly get cb [ 304,
118 silly get   { date: 'Sat, 02 May 2026 04:12:32 GMT',
118 silly get     connection: 'keep-alive',
118 silly get     'set-cookie': [ '_cfuvid=06ZCiI04L28pRc_DDbvZAbI1z_aOOeTOkulGFyond60-1777695152.6404896-1.0.1.1-86Lxk1D3OrdC79n55B0kcoLn2XiAlcpNKrTFfaUPTrk; HttpOnly; SameSite=None; Secure; Path=/; Domain=npmjs.org' ],
118 silly get     'cf-ray': '9f54302ff88a0edf-EWR',
118 silly get     'cf-cache-status': 'HIT',
118 silly get     'access-control-allow-origin': '*',
118 silly get     age: '24',
118 silly get     'cache-control': 'public, max-age=300',
118 silly get     etag: '"8d4dcc73db3dfe4418304bafbbabd588"',
118 silly get     'last-modified': 'Fri, 27 Jun 2025 10:13:08 GMT',
118 silly get     server: 'cloudflare',
118 silly get     vary: 'Accept-Encoding' } ]
119 verbose etag https://registry.npmjs.org/clsx from cache
120 verbose get saving clsx to C:\Users\john\AppData\Roaming\npm-cache\registry.npmjs.org\clsx\.cache.json
121 verbose correctMkdir C:\Users\john\AppData\Roaming\npm-cache correctMkdir not in flight; initializing
122 http 304 https://registry.npmjs.org/react-dom
123 verbose headers { date: 'Sat, 02 May 2026 04:12:32 GMT',
123 verbose headers   connection: 'keep-alive',
123 verbose headers   'set-cookie': [ '_cfuvid=5gGTq1i._fkcKmIpcvLgzIQZvwneTX8vRgoqo7Xsq3I-1777695152.6409771-1.0.1.1-KWhd_UhLN6v4dVU6f9rFvzsCV8BbHWTrOrOSL01dzyU; HttpOnly; SameSite=None; Secure; Path=/; Domain=npmjs.org' ],
123 verbose headers   'cf-ray': '9f5430300b44dcf2-EWR',
123 verbose headers   'cf-cache-status': 'HIT',
123 verbose headers   'access-control-allow-origin': '*',
123 verbose headers   age: '40',
123 verbose headers   'cache-control': 'public, max-age=300',
123 verbose headers   etag: '"4f616c68bfb181001269078936e175c1"',
123 verbose headers   'last-modified': 'Thu, 30 Apr 2026 16:46:02 GMT',
123 verbose headers   server: 'cloudflare',
123 verbose headers   vary: 'Accept-Encoding' }
124 silly get cb [ 304,
124 silly get   { date: 'Sat, 02 May 2026 04:12:32 GMT',
124 silly get     connection: 'keep-alive',
124 silly get     'set-cookie': [ '_cfuvid=5gGTq1i._fkcKmIpcvLgzIQZvwneTX8vRgoqo7Xsq3I-1777695152.6409771-1.0.1.1-KWhd_UhLN6v4dVU6f9rFvzsCV8BbHWTrOrOSL01dzyU; HttpOnly; SameSite=None; Secure; Path=/; Domain=npmjs.org' ],
124 silly get     'cf-ray': '9f5430300b44dcf2-EWR',
124 silly get     'cf-cache-status': 'HIT',
124 silly get     'access-control-allow-origin': '*',
124 silly get     age: '40',
124 silly get     'cache-control': 'public, max-age=300',
124 silly get     etag: '"4f616c68bfb181001269078936e175c1"',
124 silly get     'last-modified': 'Thu, 30 Apr 2026 16:46:02 GMT',
124 silly get     server: 'cloudflare',
124 silly get     vary: 'Accept-Encoding' } ]
125 verbose etag https://registry.npmjs.org/react-dom from cache
126 verbose get saving react-dom to C:\Users\john\AppData\Roaming\npm-cache\registry.npmjs.org\react-dom\.cache.json
127 verbose correctMkdir C:\Users\john\AppData\Roaming\npm-cache correctMkdir not in flight; initializing
128 http 304 https://registry.npmjs.org/date-fns
129 verbose headers { date: 'Sat, 02 May 2026 04:12:32 GMT',
129 verbose headers   connection: 'keep-alive',
129 verbose headers   'set-cookie': [ '_cfuvid=qyR7OTucNMTLeFNVgMirlQePVjT_Fx6JexI_uTBKXd4-1777695152.6367435-1.0.1.1-ZAz5stChY1BznN6SZNFG32V3IRqHLQvkdYgeQRZvQYQ; HttpOnly; SameSite=None; Secure; Path=/; Domain=npmjs.org' ],
129 verbose headers   'cf-ray': '9f54302ffabd60c8-EWR',
129 verbose headers   'cf-cache-status': 'HIT',
129 verbose headers   'access-control-allow-origin': '*',
129 verbose headers   age: '125',
129 verbose headers   'cache-control': 'public, max-age=300',
129 verbose headers   etag: '"c5b8692b05f23d7abe2075cdfbbc4b9c"',
129 verbose headers   'last-modified': 'Sun, 03 Aug 2025 13:10:29 GMT',
129 verbose headers   server: 'cloudflare',
129 verbose headers   vary: 'Accept-Encoding' }
130 silly get cb [ 304,
130 silly get   { date: 'Sat, 02 May 2026 04:12:32 GMT',
130 silly get     connection: 'keep-alive',
130 silly get     'set-cookie': [ '_cfuvid=qyR7OTucNMTLeFNVgMirlQePVjT_Fx6JexI_uTBKXd4-1777695152.6367435-1.0.1.1-ZAz5stChY1BznN6SZNFG32V3IRqHLQvkdYgeQRZvQYQ; HttpOnly; SameSite=None; Secure; Path=/; Domain=npmjs.org' ],
130 silly get     'cf-ray': '9f54302ffabd60c8-EWR',
130 silly get     'cf-cache-status': 'HIT',
130 silly get     'access-control-allow-origin': '*',
130 silly get     age: '125',
130 silly get     'cache-control': 'public, max-age=300',
130 silly get     etag: '"c5b8692b05f23d7abe2075cdfbbc4b9c"',
130 silly get     'last-modified': 'Sun, 03 Aug 2025 13:10:29 GMT',
130 silly get     server: 'cloudflare',
130 silly get     vary: 'Accept-Encoding' } ]
131 verbose etag https://registry.npmjs.org/date-fns from cache
132 verbose get saving date-fns to C:\Users\john\AppData\Roaming\npm-cache\registry.npmjs.org\date-fns\.cache.json
133 verbose correctMkdir C:\Users\john\AppData\Roaming\npm-cache correctMkdir not in flight; initializing
134 http 304 https://registry.npmjs.org/react-router-dom
135 verbose headers { date: 'Sat, 02 May 2026 04:12:32 GMT',
135 verbose headers   connection: 'keep-alive',
135 verbose headers   'set-cookie': [ '_cfuvid=td.BoT1UbtGCZoa5ZfdtXCVDg16K7qCIsv0FmPHhrZA-1777695152.6405041-1.0.1.1-JnIHY5.NEx6DZRGEbaF7wF.FJ7aTITQxFQTIoG2bduQ; HttpOnly; SameSite=None; Secure; Path=/; Domain=npmjs.org' ],
135 verbose headers   'cf-ray': '9f54302ffe01d218-EWR',
135 verbose headers   'cf-cache-status': 'HIT',
135 verbose headers   'access-control-allow-origin': '*',
135 verbose headers   age: '159',
135 verbose headers   'cache-control': 'public, max-age=300',
135 verbose headers   etag: '"c5e309721401284b52c3fc13bd9e997d"',
135 verbose headers   'last-modified': 'Wed, 22 Apr 2026 17:44:45 GMT',
135 verbose headers   server: 'cloudflare',
135 verbose headers   vary: 'Accept-Encoding' }
136 silly get cb [ 304,
136 silly get   { date: 'Sat, 02 May 2026 04:12:32 GMT',
136 silly get     connection: 'keep-alive',
136 silly get     'set-cookie': [ '_cfuvid=td.BoT1UbtGCZoa5ZfdtXCVDg16K7qCIsv0FmPHhrZA-1777695152.6405041-1.0.1.1-JnIHY5.NEx6DZRGEbaF7wF.FJ7aTITQxFQTIoG2bduQ; HttpOnly; SameSite=None; Secure; Path=/; Domain=npmjs.org' ],
136 silly get     'cf-ray': '9f54302ffe01d218-EWR',
136 silly get     'cf-cache-status': 'HIT',
136 silly get     'access-control-allow-origin': '*',
136 silly get     age: '159',
136 silly get     'cache-control': 'public, max-age=300',
136 silly get     etag: '"c5e309721401284b52c3fc13bd9e997d"',
136 silly get     'last-modified': 'Wed, 22 Apr 2026 17:44:45 GMT',
136 silly get     server: 'cloudflare',
136 silly get     vary: 'Accept-Encoding' } ]
137 verbose etag https://registry.npmjs.org/react-router-dom from cache
138 verbose get saving react-router-dom to C:\Users\john\AppData\Roaming\npm-cache\registry.npmjs.org\react-router-dom\.cache.json
139 verbose correctMkdir C:\Users\john\AppData\Roaming\npm-cache correctMkdir not in flight; initializing
140 http 304 https://registry.npmjs.org/react
141 verbose headers { date: 'Sat, 02 May 2026 04:12:32 GMT',
141 verbose headers   connection: 'keep-alive',
141 verbose headers   'set-cookie': [ '_cfuvid=QtWuIGL0XgMLGd4LErPN6REh3vWSKmq1nwhjnaKeLPI-1777695152.6406825-1.0.1.1-AjEK47YZNJcFzKrNLY9NirmdtuxZmFvoO4qBXiAC3_g; HttpOnly; SameSite=None; Secure; Path=/; Domain=npmjs.org' ],
141 verbose headers   'cf-ray': '9f54302ffc7c6da2-EWR',
141 verbose headers   'cf-cache-status': 'HIT',
141 verbose headers   'access-control-allow-origin': '*',
141 verbose headers   age: '278',
141 verbose headers   'cache-control': 'public, max-age=300',
141 verbose headers   etag: '"fd71584297b86645bf3e118dacd5172d"',
141 verbose headers   'last-modified': 'Thu, 30 Apr 2026 16:45:54 GMT',
141 verbose headers   server: 'cloudflare',
141 verbose headers   vary: 'Accept-Encoding' }
142 silly get cb [ 304,
142 silly get   { date: 'Sat, 02 May 2026 04:12:32 GMT',
142 silly get     connection: 'keep-alive',
142 silly get     'set-cookie': [ '_cfuvid=QtWuIGL0XgMLGd4LErPN6REh3vWSKmq1nwhjnaKeLPI-1777695152.6406825-1.0.1.1-AjEK47YZNJcFzKrNLY9NirmdtuxZmFvoO4qBXiAC3_g; HttpOnly; SameSite=None; Secure; Path=/; Domain=npmjs.org' ],
142 silly get     'cf-ray': '9f54302ffc7c6da2-EWR',
142 silly get     'cf-cache-status': 'HIT',
142 silly get     'access-control-allow-origin': '*',
142 silly get     age: '278',
142 silly get     'cache-control': 'public, max-age=300',
142 silly get     etag: '"fd71584297b86645bf3e118dacd5172d"',
142 silly get     'last-modified': 'Thu, 30 Apr 2026 16:45:54 GMT',
142 silly get     server: 'cloudflare',
142 silly get     vary: 'Accept-Encoding' } ]
143 verbose etag https://registry.npmjs.org/react from cache
144 verbose get saving react to C:\Users\john\AppData\Roaming\npm-cache\registry.npmjs.org\react\.cache.json
145 verbose correctMkdir C:\Users\john\AppData\Roaming\npm-cache correctMkdir not in flight; initializing
146 http 304 https://registry.npmjs.org/lucide-react
147 verbose headers { date: 'Sat, 02 May 2026 04:12:32 GMT',
147 verbose headers   connection: 'keep-alive',
147 verbose headers   'set-cookie': [ '_cfuvid=044tA1gLVrU5.OJVVSVyF12hsawUxTTxSH2rEJJtXXI-1777695152.6452856-1.0.1.1-5xGlVdySrv3qsVZmDLDLFuuvExtIyPba_8PKbfwHbdw; HttpOnly; SameSite=None; Secure; Path=/; Domain=npmjs.org' ],
147 verbose headers   'cf-ray': '9f5430300877f25f-EWR',
147 verbose headers   'cf-cache-status': 'HIT',
147 verbose headers   'access-control-allow-origin': '*',
147 verbose headers   age: '266',
147 verbose headers   'cache-control': 'public, max-age=300',
147 verbose headers   etag: '"bbacef79b3c07320492fd47cca93db47"',
147 verbose headers   'last-modified': 'Wed, 29 Apr 2026 07:31:25 GMT',
147 verbose headers   server: 'cloudflare',
147 verbose headers   vary: 'Accept-Encoding' }
148 silly get cb [ 304,
148 silly get   { date: 'Sat, 02 May 2026 04:12:32 GMT',
148 silly get     connection: 'keep-alive',
148 silly get     'set-cookie': [ '_cfuvid=044tA1gLVrU5.OJVVSVyF12hsawUxTTxSH2rEJJtXXI-1777695152.6452856-1.0.1.1-5xGlVdySrv3qsVZmDLDLFuuvExtIyPba_8PKbfwHbdw; HttpOnly; SameSite=None; Secure; Path=/; Domain=npmjs.org' ],
148 silly get     'cf-ray': '9f5430300877f25f-EWR',
148 silly get     'cf-cache-status': 'HIT',
148 silly get     'access-control-allow-origin': '*',
148 silly get     age: '266',
148 silly get     'cache-control': 'public, max-age=300',
148 silly get     etag: '"bbacef79b3c07320492fd47cca93db47"',
148 silly get     'last-modified': 'Wed, 29 Apr 2026 07:31:25 GMT',
148 silly get     server: 'cloudflare',
148 silly get     vary: 'Accept-Encoding' } ]
149 verbose etag https://registry.npmjs.org/lucide-react from cache
150 verbose get saving lucide-react to C:\Users\john\AppData\Roaming\npm-cache\registry.npmjs.org\lucide-react\.cache.json
151 verbose correctMkdir C:\Users\john\AppData\Roaming\npm-cache correctMkdir not in flight; initializing
152 verbose stack Error: Missing required argument #1
152 verbose stack     at andLogAndFinish (C:\Program Files\nodejs\node_modules\npm\lib\fetch-package-metadata.js:31:3)
152 verbose stack     at fetchPackageMetadata (C:\Program Files\nodejs\node_modules\npm\lib\fetch-package-metadata.js:51:22)
152 verbose stack     at resolveWithNewModule (C:\Program Files\nodejs\node_modules\npm\lib\install\deps.js:456:12)
152 verbose stack     at C:\Program Files\nodejs\node_modules\npm\lib\install\deps.js:457:7
152 verbose stack     at C:\Program Files\nodejs\node_modules\npm\node_modules\iferr\index.js:13:50
152 verbose stack     at C:\Program Files\nodejs\node_modules\npm\lib\fetch-package-metadata.js:37:12
152 verbose stack     at addRequestedAndFinish (C:\Program Files\nodejs\node_modules\npm\lib\fetch-package-metadata.js:82:5)
152 verbose stack     at returnAndAddMetadata (C:\Program Files\nodejs\node_modules\npm\lib\fetch-package-metadata.js:117:7)
152 verbose stack     at pickVersionFromRegistryDocument (C:\Program Files\nodejs\node_modules\npm\lib\fetch-package-metadata.js:134:20)
152 verbose stack     at C:\Program Files\nodejs\node_modules\npm\node_modules\iferr\index.js:13:50
153 verbose cwd F:\Nexplane\nexplane\frontend
154 error Windows_NT 10.0.19045
155 error argv "C:\\Program Files\\nodejs\\node.exe" "C:\\Program Files\\nodejs\\node_modules\\npm\\bin\\npm-cli.js" "install"
156 error node v5.7.1
157 error npm  v3.6.0
158 error code EMISSINGARG
159 error typeerror Error: Missing required argument #1
159 error typeerror     at andLogAndFinish (C:\Program Files\nodejs\node_modules\npm\lib\fetch-package-metadata.js:31:3)
159 error typeerror     at fetchPackageMetadata (C:\Program Files\nodejs\node_modules\npm\lib\fetch-package-metadata.js:51:22)
159 error typeerror     at resolveWithNewModule (C:\Program Files\nodejs\node_modules\npm\lib\install\deps.js:456:12)
159 error typeerror     at C:\Program Files\nodejs\node_modules\npm\lib\install\deps.js:457:7
159 error typeerror     at C:\Program Files\nodejs\node_modules\npm\node_modules\iferr\index.js:13:50
159 error typeerror     at C:\Program Files\nodejs\node_modules\npm\lib\fetch-package-metadata.js:37:12
159 error typeerror     at addRequestedAndFinish (C:\Program Files\nodejs\node_modules\npm\lib\fetch-package-metadata.js:82:5)
159 error typeerror     at returnAndAddMetadata (C:\Program Files\nodejs\node_modules\npm\lib\fetch-package-metadata.js:117:7)
159 error typeerror     at pickVersionFromRegistryDocument (C:\Program Files\nodejs\node_modules\npm\lib\fetch-package-metadata.js:134:20)
159 error typeerror     at C:\Program Files\nodejs\node_modules\npm\node_modules\iferr\index.js:13:50
160 error typeerror This is an error with npm itself. Please report this error at:
160 error typeerror     <http://github.com/npm/npm/issues>
161 verbose exit [ 1, true ]
